// Jest Snapshot v1, https://goo.gl/fbAQLP

exports[`An invalid route loads a page indicating a status of 404 as expected. 1`] = `
<div>
  <h1>
    Uh oh! 404 Page not found...
  </h1>
</div>
`;
