// Jest Snapshot v1, https://goo.gl/fbAQLP

exports[`Account creation page loads as expected. 1`] = `
<div>
  <h1>
    Account Creation
  </h1>
</div>
`;
